// Jest Snapshot v1, https://goo.gl/fbAQLP

exports[`<SampleComponent /> should render and match snapshot 1`] = `
<div
  className="p-2 m-2"
>
  <h1>
    title
  </h1>
  <p>
    description
  </p>
  <label>
    Select a vehicle 
  </label>
  <select
    onChange={[Function]}
  >
    <option
      value="Skateboard"
    >
      Skateboard
    </option>
    <option
      value="Bike"
    >
      Bike
    </option>
    <option
      value="Car"
    >
      Car
    </option>
    <option
      value="Boat"
    >
      Boat
    </option>
  </select>
</div>
`;
